C51 COMPILER V9.60.0.0   ASCII                                                             10/13/2022 12:12:43 PAGE 1   


C51 COMPILER V9.60.0.0, COMPILATION OF MODULE ASCII
OBJECT MODULE PLACED IN .\Objects\ascii.obj
COMPILER INVOKED BY: C:\Keil_v5\C51\BIN\C51.EXE ..\ascii.c OMF2 OPTIMIZE(8,SPEED) BROWSE DEBUG PRINT(.\Listings\ascii.ls
                    -t) TABS(2) OBJECT(.\Objects\ascii.obj)

line level    source

   1          
   2          #include "stdint.h"
*** WARNING C322 IN LINE 36 OF ..\stdint.h: unknown identifier
   3          
   4          #include "ascii.h"
   5          
   6          
   7          uint8_t ascii[4];
   8          uint8_t hexa[4];
   9          
  10          
  11          /* functions code */
  12          void ByteToAscii(uint8_t val)
  13          {
  14   1          uint8_t a = val / 16;
  15   1          uint8_t b = val % 16;   
  16   1          
  17   1          if ( a <= 9 )        
  18   1          {
  19   2              ascii[0] = a + '0';
  20   2          }
  21   1          else
  22   1          {
  23   2              ascii[0]= (a - 10) + 'A';    
  24   2          }
  25   1          
  26   1          if ( b <= 9 )        
  27   1          {
  28   2              ascii[1] = b + '0';
  29   2          }
  30   1          else
  31   1          {
  32   2              ascii[1]= (b - 10) + 'A';    
  33   2          }
  34   1          return ;
  35   1      }
  36          
  37          uint8_t NibbleToAscii(uint8_t val)
  38          {     
  39   1          if ( val <= 9 )        
  40   1          {
  41   2              return val + '0';
  42   2          }
  43   1          else
  44   1          {
  45   2              return (val - 10) + 'A';    
  46   2          }        
  47   1      }
  48          
  49          uint8_t AsciiToByte(uint8_t a, uint8_t b)
  50          {
  51   1          if ( a >= 65 )        
  52   1          {
  53   2              a = a - 'A' + 10;
C51 COMPILER V9.60.0.0   ASCII                                                             10/13/2022 12:12:43 PAGE 2   

  54   2          }
  55   1          else
  56   1          {
  57   2              a = a - '0';    
  58   2          }
  59   1          
  60   1          if ( b >= 65 )        
  61   1          {
  62   2              b = b - 'A' + 10;
  63   2          }
  64   1          else
  65   1          {
  66   2              b = b - '0';    
  67   2          }
  68   1              
  69   1          return (16 * a) + b;
  70   1      }
  71          
  72          void TwoByteToAscii(uint16_t val)
  73          {
  74   1          int i = 0;
  75   1      
  76   1          for ( i = 0; i < 4; i++ )
  77   1          {
  78   2              hexa[i] = 0;
  79   2          }
  80   1          
  81   1          i = 0;
  82   1          while ( val > 0)
  83   1          {
  84   2              hexa[i] = val % 16;
  85   2              val /= 16;    
  86   2              i++; 
  87   2          }        
  88   1          
  89   1          for ( i = 0; i < 4; i++ )
  90   1          {
  91   2              ascii[i] = NibbleToAscii(hexa[i]);
  92   2          }
  93   1          
  94   1          return ;
  95   1      }
  96          
  97          uint16_t AsciiToTwoByte(void)
  98          {
  99   1          uint16_t a = AsciiToByte(ascii[0], ascii[1]);
 100   1          uint16_t b = AsciiToByte(ascii[2], ascii[3]);
 101   1      
 102   1          uint16_t result = ( a * 256 ) + b;
 103   1      
 104   1          return result;
 105   1      }


MODULE INFORMATION:   STATIC OVERLAYABLE
   CODE SIZE        =    232    ----
   CONSTANT SIZE    =   ----    ----
   XDATA SIZE       =   ----    ----
   PDATA SIZE       =   ----    ----
   DATA SIZE        =      8    ----
   IDATA SIZE       =   ----    ----
   BIT SIZE         =   ----    ----
C51 COMPILER V9.60.0.0   ASCII                                                             10/13/2022 12:12:43 PAGE 3   

   EDATA SIZE       =   ----    ----
   HDATA SIZE       =   ----    ----
   XDATA CONST SIZE =   ----    ----
   FAR CONST SIZE   =   ----    ----
END OF MODULE INFORMATION.


C51 COMPILATION COMPLETE.  1 WARNING(S),  0 ERROR(S)
